1.Uruchom terminal.
KUBA
Uruchamiam maszynę wirtualną, i w liście aplikacji uruchamiam terminal.

2.Wyświetl zawartość aktualnego katalogu.
TERMINAL
jtstuden@ukos1:~$ ls
Desktop Documents Downloads Music Pictures Public snap Templates Videos

3.Sprawdź gdzie aktualnie się znajdujesz.
TERMINAL
jtstuden@ukos1:~$ pwd
/home/jtstudent

4.Przejdź do katalogu Pulpit za pomocą ścieżki względnej
TERMINAL
jtstuden@ukos1:~$ cd Desktop
KUBA
Angielska wesja językowa, dlatego zamiast Pulpit przechodzę do Desktop.

5.Sprawdź gdzie jesteś.
TERMINAL
jtstuden@ukos1:~/Desktop$ pwd
/home/jtstudent/Desktop

6.Wyświetl zawartość bieżącego katalogu.
TERMINAL
jtstuden@ukos1:~/Desktop$ ls
KUBA
Pusto

7.Wyświetl zawartość swojego katalogu domowego bez przechodzenia do niego (ls z
 odpowiednim parametrem).
TERMINAL
jtstuden@ukos1:~/Desktop$ ls ~
Desktop Documents Downloads Music Pictures Public snap Templates Videos

8.Przejdź do katalogu Obrazy (lub innego katalogu, który jest dostępny - podaj 
wprost, że zmieniasz katalog na inny bo np. Obrazy nie są u Ciebie dostępne)
w twoim katalogu domowym za pomocą ścieżki względnej.
TERMINAL
jtstuden@ukos1:~/Desktop$ cd ../Pictures
KUBA
Przechodzę do Pictures, bo mam agnielską wersję.

9.Sprawdź gdzie jesteś.
TERMINAL
jtstuden@ukos1:~/Pictures$ pwd
/home/jtstudent/Pictures

10.Zobacz do jakiego katalogu przejdziesz za pomocą ścieżki ././././././
W opisie rozwiązania proszę umieścić również to jak rozumiesz co się właściwie 
stało. Dlaczego znalazła/eś się w tym miejscu do którego przeniosła Cię ta
ścieżka? Czy dodanie kilku ./././././ na początku/środku/końcu powoduje, że ścieżka
się zmieni? Co ta ścieżka oznacza/sobą reprezentuje?
TERMINAL
jtstuden@ukos1:~/Pictures$ cd ././././././
jtstuden@ukos1:~/Pictures$ pwd
/home/jtstudent/Pictures
KUBA
Polecenie przeniosło mnie do tego samego katalogu, w którym byłem wcześniej.
Znak "." oznacza aktualny katalog i tym poleceniem przechodzę 6 razy do niego.
Dodanie kolejnych "./" na początku, środku albo końcu nic nie zmieni i dalej 
znajdziemy się w tym samym katalogu.

11.Przejdź do swojego katalogu domowego za pomocą ścieżki bezwzględnej.
TERMINAL
jtstuden@ukos1:~/Pictures$ cd ~

12.Zobacz co się stanie jak wpiszesz komendę 'cd /root'. Jak już to zrobisz,
zastanów się co się stało. Poszukaj w Internecie.
TERMINAL
jtstuden@ukos1:~$ cd /root
-bash: cd: /root: Permission denied
KUBA
Nie mam dostępu do katalogu root, ponieważ jest on dostępny tylko
po zalogowaniu się jako root.

13.Zobacz, co się stanie, jeśli wciśniesz kombinację klawiszy: Ctrl+Alt+F3
Sprawdź w Internecie co się dzieje kiedy używa się takiej kombinacji.
W Internecie mogą pojawić się wersje z F1-F6. To de facto to samo.
Odpowiedź "wylogowało mnie" jest błędna. Nie. Nie wylogowało. Szukaj dalej.
KUBA
Przeszedłem ze środowiska graficznego do środowiska tekstowego do trzeciego
terminala, po czym musiałem się zalogować.

14.A teraz co się stanie po: Alt+F1 lub ALT+F2 lub ALT+F7 (na starszych linuxach)
KUBA
Użyłem tych skrótów i przechodziłem pomiędzy terminalami tekstowymi i
graficznym środowiskiem.